eeschema (2013-07-07 BZR 4022)-stable  >> Creation date: Sat 04 Jan 2014 08:17:04 PM UYST
#Cmp ( order = Reference )
| C1         10uF                            ;             ;             
| C2         1nF                             ;             ;             
| C3         0.1uF                           ;             ;             
| C4         1nF                             ;             ;             
| C5         0.1uF                           ;             ;             
| C6         0.1uF                           ;             ;             
| C7         0.1uF                           ;             ;             
| C8         0.1uF                           ;             ;             
| D1         ZENER 5.6V                      ;             ;             
| D2         DIODE                           ;             ;             
| D3         DIODE                           ;             ;             
| D4         DIODE                           ;             ;             
| D5         DIODE                           ;             ;             
| D6         DIODE                           ;             ;             
| D7         DIODE                           ;             ;             
| D8         DIODE                           ;             ;             
| D9         DIODE                           ;             ;             
| D10        DIODE                           ;             ;             
| D11        DIODE                           ;             ;             
| D12        DIODE                           ;             ;             
| D13        DIODE                           ;             ;             
| D14        DIODE                           ;             ;             
| D15        DIODE                           ;             ;             
| D16        DIODE                           ;             ;             
| D17        DIODE                           ;             ;             
| D18        DIODE                           ;             ;             
| D19        DIODE                           ;             ;             
| D20        ZENER 5V                        ;             ;             
| D21        ZENER 12V                       ;             ;             
| D22        ZENER 12V                       ;             ;             
| D23        DIODE                           ;             ;             
| D24        DIODE                           ;             ;             
| D25        DIODE                           ;             ;             
| D26        DIODE                           ;             ;             
| D27        DIODE                           ;             ;             
| D28        DIODE                           ;             ;             
| D29        DIODE                           ;             ;             
| D30        DIODE                           ;             ;             
| D31        DIODE                           ;             ;             
| D32        DIODE                           ;             ;             
| D33        DIODE                           ;             ;             
| D34        DIODE                           ;             ;             
| D35        DIODE                           ;             ;             
| D36        DIODE                           ;             ;             
| IC1        ATMEGA32-A                      ; TQFP44      ;             
| IC2        MAX481CPA                       ; maxim-DIL08 ;             
| J1         RJ45                            ;             ;             
| K1         CONN_PWR_OUT                    ;             ;             
| P1         CONN_PWM_OUT                    ;             ;             
| P2         CONN_3X2                        ;             ;             
| P3         CONN_JTAG                       ;             ;             
| P4         CONN_ADC                        ;             ;             
| P5         CONN_GPIO                       ;             ;             
| P6         CONN_PWR_IN                     ;             ;             
| Q1         NPN                             ;             ;             
| R1         15K                             ;             ;             
| R2         33K                             ;             ;             
| R3         100                             ;             ;             
| R4         10K                             ;             ;             
| R5         33K                             ;             ;             
| R6         33K                             ;             ;             
| R7         33K                             ;             ;             
| R8         33K                             ;             ;             
| R9         33K                             ;             ;             
| R10        33K                             ;             ;             
| R11        33K                             ;             ;             
| R12        33K                             ;             ;             
| R13        1K                              ;             ;             
| R14        10K                             ;             ;             
| R15        33K                             ;             ;             
| R16        33K                             ;             ;             
| R17        10K                             ;             ;             
| R18        33K                             ;             ;             
| R19        10K                             ;             ;             
| R20        10K                             ;             ;             
| R21        33K                             ;             ;             
| R22        33K                             ;             ;             
| R23        10K                             ;             ;             
| R24        33K                             ;             ;             
| R25        10K                             ;             ;             
| R26        10                              ;             ;             
| R27        10                              ;             ;             
| R28        33K                             ;             ;             
| R29        10K                             ;             ;             
| R30        10K                             ;             ;             
| R31        30K                             ;             ;             
| R32        10K                             ;             ;             
| R33        30K                             ;             ;             
| R34        100                             ;             ;             
#End Cmp

#Cmp ( order = Value )
| 1nF          C2        ;             ;             
| 1nF          C4        ;             ;             
| 0.1uF        C3        ;             ;             
| 0.1uF        C5        ;             ;             
| 0.1uF        C6        ;             ;             
| 0.1uF        C7        ;             ;             
| 0.1uF        C8        ;             ;             
| 10uF         C1        ;             ;             
| ZENER 5.6V   D1        ;             ;             
| DIODE        D2        ;             ;             
| DIODE        D3        ;             ;             
| DIODE        D4        ;             ;             
| DIODE        D5        ;             ;             
| DIODE        D6        ;             ;             
| DIODE        D7        ;             ;             
| DIODE        D8        ;             ;             
| DIODE        D9        ;             ;             
| DIODE        D10       ;             ;             
| DIODE        D11       ;             ;             
| DIODE        D12       ;             ;             
| DIODE        D13       ;             ;             
| DIODE        D14       ;             ;             
| DIODE        D15       ;             ;             
| DIODE        D16       ;             ;             
| DIODE        D17       ;             ;             
| DIODE        D18       ;             ;             
| DIODE        D19       ;             ;             
| ZENER 5V     D20       ;             ;             
| ZENER 12V    D21       ;             ;             
| ZENER 12V    D22       ;             ;             
| DIODE        D23       ;             ;             
| DIODE        D24       ;             ;             
| DIODE        D25       ;             ;             
| DIODE        D26       ;             ;             
| DIODE        D27       ;             ;             
| DIODE        D28       ;             ;             
| DIODE        D29       ;             ;             
| DIODE        D30       ;             ;             
| DIODE        D31       ;             ;             
| DIODE        D32       ;             ;             
| DIODE        D33       ;             ;             
| DIODE        D34       ;             ;             
| DIODE        D35       ;             ;             
| DIODE        D36       ;             ;             
| MAX481CPA    IC2       ; maxim-DIL08 ;             
| ATMEGA32-A   IC1       ; TQFP44      ;             
| RJ45         J1        ;             ;             
| CONN_PWR_OUT K1        ;             ;             
| CONN_PWM_OUT P1        ;             ;             
| CONN_3X2     P2        ;             ;             
| CONN_JTAG    P3        ;             ;             
| CONN_ADC     P4        ;             ;             
| CONN_GPIO    P5        ;             ;             
| CONN_PWR_IN  P6        ;             ;             
| NPN          Q1        ;             ;             
| 10           R26       ;             ;             
| 10           R27       ;             ;             
| 100          R3        ;             ;             
| 100          R34       ;             ;             
| 1K           R13       ;             ;             
| 10K          R4        ;             ;             
| 10K          R14       ;             ;             
| 10K          R17       ;             ;             
| 10K          R19       ;             ;             
| 10K          R20       ;             ;             
| 10K          R23       ;             ;             
| 10K          R25       ;             ;             
| 10K          R29       ;             ;             
| 10K          R30       ;             ;             
| 10K          R32       ;             ;             
| 15K          R1        ;             ;             
| 30K          R31       ;             ;             
| 30K          R33       ;             ;             
| 33K          R2        ;             ;             
| 33K          R5        ;             ;             
| 33K          R6        ;             ;             
| 33K          R7        ;             ;             
| 33K          R8        ;             ;             
| 33K          R9        ;             ;             
| 33K          R10       ;             ;             
| 33K          R11       ;             ;             
| 33K          R12       ;             ;             
| 33K          R15       ;             ;             
| 33K          R16       ;             ;             
| 33K          R18       ;             ;             
| 33K          R21       ;             ;             
| 33K          R22       ;             ;             
| 33K          R24       ;             ;             
| 33K          R28       ;             ;             
#End Cmp

#End List
